// Jest Snapshot v1, https://goo.gl/fbAQLP

exports[`renders the Signup component correctly 1`] = `
<div>
  <div>
    <form>
      <div
        class="usernameBox"
      >
        <label
          for="username"
        >
          Username: 
        </label>
        <input
          id="username"
          name="username"
          type="text"
        />
      </div>
      <div
        class="passwordBox"
      >
        <label
          for="password"
        >
          Password: 
        </label>
        <input
          id="password"
          name="password"
          type="text"
        />
      </div>
      <div
        class="heard"
      >
        <label
          for="heard"
        >
          How did you hear about Home Recipe? 
        </label>
        <input
          id="heard"
          name="heard"
          type="text"
        />
      </div>
      <div
        class="food"
      >
        <label
          for="food"
        >
          What's your favorate food? 
        </label>
        <input
          id="food"
          name="food"
          type="text"
        />
      </div>
      <div
        class="taboos"
      >
        <label
          for="taboos"
        >
          Do you have any taboos? 
        </label>
        <input
          id="taboos"
          name="taboos"
          type="text"
        />
      </div>
      <div
        class="genderBox"
      >
        <label
          for="myDropdownId"
        >
          Gender: 
        </label>
        <select
          id="myDropdownId"
          name="myDropdown"
        >
          <option
            value="male"
          >
            Male
          </option>
          <option
            value="female"
          >
            Female
          </option>
        </select>
      </div>
      <div
        class="ageBox"
      >
        <label
          for="ageDropdownId"
        >
          Age: 
        </label>
        <select
          id="ageDropdownId"
          name="ageDropdownId"
        >
          <option
            value="10"
          >
            10-20
          </option>
          <option
            value="20"
          >
            20-30
          </option>
          <option
            value="30"
          >
            30-40
          </option>
          <option
            value="40"
          >
            40-50
          </option>
          <option
            value="50"
          >
            50+
          </option>
        </select>
      </div>
      <div
        class="checkBox"
      >
        <p>
          Interested in
        </p>
        <label
          class="checkItem"
          for="hotPot"
        >
          Hot pot
          <input
            class="inputItem"
            name="hotPot"
            type="checkbox"
          />
        </label>
        <label
          class="checkItem"
          for="BBQ"
        >
          BBQ
          <input
            class="inputItem"
            name="BBQ"
            type="checkbox"
          />
        </label>
        <label
          class="checkItem"
          for="salad"
        >
          Salad
          <input
            class="inputItem"
            name="salad"
            type="checkbox"
          />
        </label>
      </div>
      <input
        class="submit"
        type="submit"
        value="Sign up"
      />
    </form>
  </div>
</div>
`;
