// Jest Snapshot v1, https://goo.gl/fbAQLP

exports[`renders the NewsPage component correctly 1`] = `
<div>
  <div
    class="box"
  >
    <p
      class="title"
    />
    <div
      class="dateBox"
    >
      <p
        class="date"
      />
    </div>
    <div
      class="imgBox"
    >
      <img
        alt=""
        class="img"
        src="https://imagesvc.meredithcorp.io/v3/mm/image?url=https%3A%2F%2Fimages.media-allrecipes.com%2Fuserphotos%undefined.jpg&w=272&h=272&c=sc&poi=face&q=85"
      />
      <div
        class="rightBox"
      >
        <p
          class="content"
        />
      </div>
    </div>
  </div>
</div>
`;
